=http://localhost:3001 : The term '=http://localhost:3001' is not recognized as the name of a cmdlet, function, script 
file, or operable program. Check the spelling of the name, or if a path was included, verify that the path is correct 
and try again.
At line:1 char:1
+ ='http://localhost:3001'; ='http://localhost:3001'; npx next dev --we ...
+ ~~~~~~~~~~~~~~~~~~~~~~~~
    + CategoryInfo          : ObjectNotFound: (=http://localhost:3001:String) [], CommandNotFoundException
    + FullyQualifiedErrorId : CommandNotFoundException
 
=http://localhost:3001 : The term '=http://localhost:3001' is not recognized as the name of a cmdlet, function, script 
file, or operable program. Check the spelling of the name, or if a path was included, verify that the path is correct 
and try again.
At line:1 char:27
+ ='http://localhost:3001'; ='http://localhost:3001'; npx next dev --we ...
+                           ~~~~~~~~~~~~~~~~~~~~~~~~
    + CategoryInfo          : ObjectNotFound: (=http://localhost:3001:String) [], CommandNotFoundException
    + FullyQualifiedErrorId : CommandNotFoundException
 
⨯ Another next dev server is already running.

- Local:        http://localhost:3000
- PID:          14976
- Dir:          D:\e-katalog
- Log:          .next\dev\logs\next-development.log

Run taskkill /PID 14976 /F to stop it.
